// Jest Snapshot v1, https://goo.gl/fbAQLP

exports[`renders index 1`] = `
<div>
  <h2>
    Welcome to React components
  </h2>
  <button
    className="MuiButtonBase-root-27 MuiButton-root-1 MuiButton-text-3 MuiButton-flat-6"
    disabled={false}
    onBlur={[Function]}
    onFocus={[Function]}
    onKeyDown={[Function]}
    onKeyUp={[Function]}
    onMouseDown={[Function]}
    onMouseLeave={[Function]}
    onMouseUp={[Function]}
    onTouchEnd={[Function]}
    onTouchMove={[Function]}
    onTouchStart={[Function]}
    tabIndex="0"
    type="button"
  >
    <span
      className="MuiButton-label-2"
    >
      Click Me
    </span>
    <span
      className="MuiTouchRipple-root-30"
    />
  </button>
</div>
`;
